=== Building Solana Program in WSL ===

Rust version:
wsl : + echo '=== Building Solana Program in WSL ==='
At C:\Users\tolga\AppData\Local\Temp\ps-script-1259adf6-d1e7-436c-9ed2-08f3bd0bb2b4.ps1:84 char:1
+ wsl bash /mnt/c/Users/tolga/cursor/sol-uni-hackathon/build_wsl.sh 2>& ...
+ ~~~~~~~~~~~~~~~~~~~~~~~~~~~~~~~~~~~~~~~~~~~~~~~~~~~~~~~~~~~~~~~~~~~~~
    + CategoryInfo          : NotSpecified: (+ echo '=== Bui...ram in WSL ===':String) [], RemoteException
    + FullyQualifiedErrorId : NativeCommandError
 
+ echo ''
+ export 'PATH=/home/tolga/.local/share/solana/bin:/home/tolga/.cargo/bin:/usr/local/sbin:/usr/local/bin:/usr/sbin:/usr
/bin:/sbin:/bin:/usr/games:/usr/local/games:/usr/lib/wsl/lib:/mnt/c/Python313/Scripts/:/mnt/c/Python313/:/mnt/c/Windows
/system32:/mnt/c/Windows:/mnt/c/Windows/System32/Wbem:/mnt/c/Windows/System32/WindowsPowerShell/v1.0/:/mnt/c/Windows/Sy
stem32/OpenSSH/:/mnt/c/Program Files (x86)/NVIDIA Corporation/PhysX/Common:/mnt/c/Program 
Files/nodejs/:/mnt/c/ProgramData/chocolatey/bin:/mnt/c/Program Files/Git/cmd:/Docker/host/bin:/mnt/c/Program 
Files/cursor/resources/app/bin:/mnt/c/Program Files/NVIDIA Corporation/NVIDIA App/NvDLISR:/mnt/c/Users/tolga/.cargo/bin
:/mnt/c/Users/tolga/.local/share/solana/install/active_release/bin:/mnt/c/Users/tolga/AppData/Local/Microsoft/WindowsAp
ps:/mnt/c/Users/tolga/AppData/Local/Programs/Windsurf/bin:/mnt/c/Users/tolga/AppData/Roaming/npm:/mnt/c/Users/tolga/.bu
n/bin:/mnt/c/Users/tolga/AppData/Local/Programs/Ollama:/mnt/c/Users/tolga/AppData/Local/Programs/Antigravity/bin:/mnt/c
/Program Files/JetBrains/DataGrip 2025.2.4/bin'
+ PATH='/home/tolga/.local/share/solana/bin:/home/tolga/.cargo/bin:/usr/local/sbin:/usr/local/bin:/usr/sbin:/usr/bin:/s
bin:/bin:/usr/games:/usr/local/games:/usr/lib/wsl/lib:/mnt/c/Python313/Scripts/:/mnt/c/Python313/:/mnt/c/Windows/system
32:/mnt/c/Windows:/mnt/c/Windows/System32/Wbem:/mnt/c/Windows/System32/WindowsPowerShell/v1.0/:/mnt/c/Windows/System32/
OpenSSH/:/mnt/c/Program Files (x86)/NVIDIA Corporation/PhysX/Common:/mnt/c/Program 
Files/nodejs/:/mnt/c/ProgramData/chocolatey/bin:/mnt/c/Program Files/Git/cmd:/Docker/host/bin:/mnt/c/Program 
Files/cursor/resources/app/bin:/mnt/c/Program Files/NVIDIA Corporation/NVIDIA App/NvDLISR:/mnt/c/Users/tolga/.cargo/bin
:/mnt/c/Users/tolga/.local/share/solana/install/active_release/bin:/mnt/c/Users/tolga/AppData/Local/Microsoft/WindowsAp
ps:/mnt/c/Users/tolga/AppData/Local/Programs/Windsurf/bin:/mnt/c/Users/tolga/AppData/Roaming/npm:/mnt/c/Users/tolga/.bu
n/bin:/mnt/c/Users/tolga/AppData/Local/Programs/Ollama:/mnt/c/Users/tolga/AppData/Local/Programs/Antigravity/bin:/mnt/c
/Program Files/JetBrains/DataGrip 2025.2.4/bin'
+ echo 'Rust version:'
+ rustc --version
rustc 1.92.0 (ded5c06cf 2025-12-08)

Cargo version:
+ echo ''
+ echo 'Cargo version:'
+ cargo --version
cargo 1.92.0 (344c4567c 2025-10-21)

Solana version:
+ echo ''
+ echo 'Solana version:'
+ solana --version
solana-cli 2.1.7 (src:c79c3c9e; feat:1793238286, client:Agave)

cargo-build-sbf version:
+ echo ''
+ echo 'cargo-build-sbf version:'
+ cargo-build-sbf --version
solana-cargo-build-sbf 2.1.7
platform-tools v1.43

+ cd /mnt/c/Users/tolga/cursor/sol-uni-hackathon
+ echo ''
+ echo 'Building program...'

+ cargo-build-sbf --manifest-path programs/keystore/Cargo.toml --sbf-out-dir target/deploy
Building program...
    Updating crates.io index
 Downloading crates ...
  Downloaded ark-ff-asm v0.4.2
  Downloaded arrayref v0.3.9
  Downloaded ahash v0.8.12
  Downloaded ark-bn254 v0.4.0
  Downloaded anchor-lang-idl v0.1.2
  Downloaded constant_time_eq v0.3.1
  Downloaded bincode v1.3.3
  Downloaded sha2 v0.9.9
  Downloaded opaque-debug v0.3.1
  Downloaded wasm-bindgen-shared v0.2.106
  Downloaded toml v0.5.11
  Downloaded serde_bytes v0.11.19
  Downloaded subtle v2.6.1
  Downloaded rand_xoshiro v0.6.0
  Downloaded crossbeam-utils v0.8.21
  Downloaded ryu v1.0.20
  Downloaded zeroize_derive v1.4.2
  Downloaded wasm-bindgen-macro v0.2.106
  Downloaded sized-chunks v0.6.5
  Downloaded semver v1.0.27
  Downloaded wasm-bindgen-macro-support v0.2.106
  Downloaded toml_edit v0.23.9
  Downloaded unicode-segmentation v1.12.0
  Downloaded unicode-normalization v0.1.25
  Downloaded serde_json v1.0.145
  Downloaded anchor-lang v0.30.1
  Downloaded zerocopy v0.8.31
  Downloaded syn v1.0.109
  Downloaded solana-sdk-macro v1.18.26
  Downloaded sha3 v0.10.8
  Downloaded solana-frozen-abi-macro v1.18.26
  Downloaded solana-program v1.18.26
  Downloaded borsh v0.9.3
  Downloaded anchor-syn v0.30.1
  Downloaded solana-frozen-abi v1.18.26
  Downloaded pbkdf2 v0.4.0
  Downloaded num-derive v0.4.2
  Downloaded borsh-schema-derive-internal v0.9.3
  Downloaded borsh-derive-internal v0.9.3
  Downloaded borsh-derive v0.9.3
  Downloaded anchor-attribute-error v0.30.1
  Downloaded anchor-attribute-constant v0.30.1
  Downloaded libc v0.2.178
  Downloaded tiny-bip39 v0.8.2
  Downloaded curve25519-dalek v3.2.1
  Downloaded anchor-derive-serde v0.30.1
  Downloaded anchor-derive-accounts v0.30.1
  Downloaded wasm-bindgen v0.2.106
  Downloaded tinyvec v1.10.0
  Downloaded light-poseidon v0.2.0
  Downloaded anchor-derive-space v0.30.1
  Downloaded anchor-attribute-program v0.30.1
  Downloaded anchor-attribute-event v0.30.1
  Downloaded anchor-attribute-account v0.30.1
  Downloaded anchor-attribute-access-control v0.30.1
  Downloaded blake3 v1.8.2
  Downloaded rayon v1.11.0
  Downloaded rayon-core v1.13.0
  Downloaded rand v0.8.5
  Downloaded rand v0.7.3
  Downloaded num-bigint v0.4.6
  Downloaded itertools v0.10.5
  Downloaded im v15.1.0
  Downloaded hashbrown v0.13.2
  Downloaded hashbrown v0.11.2
  Downloaded cc v1.2.49
  Downloaded bumpalo v3.19.0
  Downloaded base64 v0.21.7
  Downloaded ark-ff v0.4.2
  Downloaded rustc-hash v1.1.0
  Downloaded rand_core v0.5.1
  Downloaded num-traits v0.2.19
  Downloaded log v0.4.29
  Downloaded getrandom v0.2.16
  Downloaded either v1.15.0
  Downloaded derivative v2.2.0
  Downloaded crossbeam-epoch v0.9.18
  Downloaded bytemuck v1.24.0
  Downloaded bv v0.11.1
  Downloaded bitmaps v2.1.0
  Downloaded bitflags v2.10.0
  Downloaded base64 v0.12.3
  Downloaded ark-ec v0.4.2
  Downloaded anyhow v1.0.100
  Downloaded ppv-lite86 v0.2.21
  Downloaded paste v1.0.15
  Downloaded num-integer v0.1.46
  Downloaded memmap2 v0.5.10
  Downloaded libsecp256k1-core v0.2.2
  Downloaded libsecp256k1 v0.6.0
  Downloaded jobserver v0.1.34
  Downloaded getrandom v0.1.16
  Downloaded crossbeam-deque v0.8.6
  Downloaded byteorder v1.5.0
  Downloaded bytemuck_derive v1.10.2
  Downloaded bs58 v0.5.1
  Downloaded bs58 v0.4.0
  Downloaded borsh v0.10.4
  Downloaded zeroize v1.3.0
  Downloaded tinyvec_macros v0.1.1
  Downloaded digest v0.9.0
  Downloaded crypto-mac v0.8.0
  Downloaded ark-serialize-derive v0.4.2
  Downloaded ark-poly v0.4.2
  Downloaded ahash v0.7.8
  Downloaded rand_core v0.6.4
  Downloaded proc-macro-crate v0.1.5
  Downloaded libsecp256k1-gen-ecmult v0.2.1
  Downloaded hmac v0.8.1
  Downloaded borsh-schema-derive-internal v0.10.4
  Downloaded rustc_version v0.4.1
  Downloaded rand_chacha v0.3.1
  Downloaded rand_chacha v0.2.2
  Downloaded keccak v0.1.5
  Downloaded feature-probe v0.1.1
  Downloaded block-buffer v0.9.0
  Downloaded libsecp256k1-gen-genmult v0.2.1
  Downloaded lazy_static v1.5.0
  Downloaded itoa v1.0.15
  Downloaded hmac-drbg v0.3.0
  Downloaded heck v0.3.3
  Downloaded borsh-derive v0.10.4
  Downloaded ark-std v0.4.0
  Downloaded crunchy v0.2.4
  Downloaded ark-ff-macros v0.4.2
  Downloaded ark-serialize v0.4.2
error: rustc 1.79.0-dev is not supported by the following package:

                 Note that this is the rustc version that ships with Solana tools and not your system's rustc version. 
Use `solana-install update` or head over to https://docs.solanalabs.com/cli/install to install a newer version.
  indexmap@2.12.1 requires rustc 1.82
Either upgrade rustc or select compatible dependency versions with
`cargo update <name>@<current-ver> --precise <compatible-ver>`
where `<compatible-ver>` is the latest version supporting rustc 1.79.0-dev

